resuming: 0 already evaluated, 0 already passed (budget 200, target 5)
fail ICT-A-15m-XAUUSD (1/200 evaluated, 0/5 passes)
fail ICT-A-15m-XAGUSD (2/200 evaluated, 0/5 passes)
fail ICT-A-15m-US30 (3/200 evaluated, 0/5 passes)
fail ICT-A-15m-US500 (4/200 evaluated, 0/5 passes)
fail ICT-A-15m-USTEC (5/200 evaluated, 0/5 passes)
fail ICT-A-15m-DE40 (6/200 evaluated, 0/5 passes)
fail ICT-A-15m-FRA40 (7/200 evaluated, 0/5 passes)
fail ICT-A-15m-AUS200 (8/200 evaluated, 0/5 passes)
fail ICT-A-15m-metals (9/200 evaluated, 0/5 passes)
fail ICT-A-15m-indices (10/200 evaluated, 0/5 passes)
fail ICT-A-1H-XAGUSD (11/200 evaluated, 0/5 passes)
fail ICT-A-1H-XAUUSD (12/200 evaluated, 0/5 passes)
fail ICT-A-1H-US30 (13/200 evaluated, 0/5 passes)
fail ICT-A-1H-US500 (14/200 evaluated, 0/5 passes)
fail ICT-A-1H-USTEC (15/200 evaluated, 0/5 passes)
fail ICT-A-1H-DE40 (16/200 evaluated, 0/5 passes)
fail ICT-A-1H-FRA40 (17/200 evaluated, 0/5 passes)
fail ICT-A-1H-AUS200 (18/200 evaluated, 0/5 passes)
fail ICT-A-1H-metals (19/200 evaluated, 0/5 passes)
fail ICT-A-1H-indices (20/200 evaluated, 0/5 passes)
fail ICT-A-4H-XAGUSD (21/200 evaluated, 0/5 passes)
fail ICT-A-4H-XAUUSD (22/200 evaluated, 0/5 passes)
fail ICT-A-4H-US30 (23/200 evaluated, 0/5 passes)
fail ICT-A-4H-US500 (24/200 evaluated, 0/5 passes)
fail ICT-A-4H-USTEC (25/200 evaluated, 0/5 passes)
fail ICT-A-4H-DE40 (26/200 evaluated, 0/5 passes)
fail ICT-A-4H-AUS200 (27/200 evaluated, 0/5 passes)
fail ICT-A-4H-FRA40 (28/200 evaluated, 0/5 passes)
fail ICT-A-4H-metals (29/200 evaluated, 0/5 passes)
fail ICT-A-4H-indices (30/200 evaluated, 0/5 passes)
fail ICT-B-15m-XAUUSD (31/200 evaluated, 0/5 passes)
fail ICT-B-15m-XAGUSD (32/200 evaluated, 0/5 passes)
fail ICT-B-15m-US30 (33/200 evaluated, 0/5 passes)
fail ICT-B-15m-US500 (34/200 evaluated, 0/5 passes)
fail ICT-B-15m-USTEC (35/200 evaluated, 0/5 passes)
fail ICT-B-15m-DE40 (36/200 evaluated, 0/5 passes)
fail ICT-B-15m-FRA40 (37/200 evaluated, 0/5 passes)
fail ICT-B-15m-AUS200 (38/200 evaluated, 0/5 passes)
fail ICT-B-15m-metals (39/200 evaluated, 0/5 passes)
fail ICT-B-15m-indices (40/200 evaluated, 0/5 passes)
fail ICT-B-1H-XAGUSD (41/200 evaluated, 0/5 passes)
fail ICT-B-1H-XAUUSD (42/200 evaluated, 0/5 passes)
fail ICT-B-1H-US30 (43/200 evaluated, 0/5 passes)
fail ICT-B-1H-US500 (44/200 evaluated, 0/5 passes)
fail ICT-B-1H-USTEC (45/200 evaluated, 0/5 passes)
fail ICT-B-1H-DE40 (46/200 evaluated, 0/5 passes)
fail ICT-B-1H-FRA40 (47/200 evaluated, 0/5 passes)
fail ICT-B-1H-AUS200 (48/200 evaluated, 0/5 passes)
fail ICT-B-1H-metals (49/200 evaluated, 0/5 passes)
fail ICT-B-1H-indices (50/200 evaluated, 0/5 passes)
fail ICT-B-4H-XAGUSD (51/200 evaluated, 0/5 passes)
fail ICT-B-4H-XAUUSD (52/200 evaluated, 0/5 passes)
fail ICT-B-4H-US30 (53/200 evaluated, 0/5 passes)
fail ICT-B-4H-US500 (54/200 evaluated, 0/5 passes)
fail ICT-B-4H-USTEC (55/200 evaluated, 0/5 passes)
fail ICT-B-4H-DE40 (56/200 evaluated, 0/5 passes)
fail ICT-B-4H-AUS200 (57/200 evaluated, 0/5 passes)
fail ICT-B-4H-FRA40 (58/200 evaluated, 0/5 passes)
fail ICT-B-4H-metals (59/200 evaluated, 0/5 passes)
fail ICT-B-4H-indices (60/200 evaluated, 0/5 passes)
fail ICT-C-15m-XAUUSD (61/200 evaluated, 0/5 passes)
fail ICT-C-15m-XAGUSD (62/200 evaluated, 0/5 passes)
fail ICT-C-15m-US30 (63/200 evaluated, 0/5 passes)
fail ICT-C-15m-US500 (64/200 evaluated, 0/5 passes)
fail ICT-C-15m-USTEC (65/200 evaluated, 0/5 passes)
fail ICT-C-15m-DE40 (66/200 evaluated, 0/5 passes)
fail ICT-C-15m-FRA40 (67/200 evaluated, 0/5 passes)
fail ICT-C-15m-AUS200 (68/200 evaluated, 0/5 passes)
fail ICT-C-15m-metals (69/200 evaluated, 0/5 passes)
fail ICT-C-15m-indices (70/200 evaluated, 0/5 passes)
fail ICT-C-1H-XAGUSD (71/200 evaluated, 0/5 passes)
fail ICT-C-1H-XAUUSD (72/200 evaluated, 0/5 passes)
fail ICT-C-1H-US30 (73/200 evaluated, 0/5 passes)
fail ICT-C-1H-US500 (74/200 evaluated, 0/5 passes)
fail ICT-C-1H-USTEC (75/200 evaluated, 0/5 passes)
fail ICT-C-1H-DE40 (76/200 evaluated, 0/5 passes)
fail ICT-C-1H-FRA40 (77/200 evaluated, 0/5 passes)
fail ICT-C-1H-AUS200 (78/200 evaluated, 0/5 passes)
fail ICT-C-1H-metals (79/200 evaluated, 0/5 passes)
fail ICT-C-1H-indices (80/200 evaluated, 0/5 passes)
fail ICT-C-4H-XAGUSD (81/200 evaluated, 0/5 passes)
fail ICT-C-4H-XAUUSD (82/200 evaluated, 0/5 passes)
fail ICT-C-4H-US30 (83/200 evaluated, 0/5 passes)
fail ICT-C-4H-US500 (84/200 evaluated, 0/5 passes)
fail ICT-C-4H-USTEC (85/200 evaluated, 0/5 passes)
fail ICT-C-4H-DE40 (86/200 evaluated, 0/5 passes)
fail ICT-C-4H-AUS200 (87/200 evaluated, 0/5 passes)
fail ICT-C-4H-FRA40 (88/200 evaluated, 0/5 passes)
