resuming: 88 already evaluated, 0 already passed (budget 200, target 5)
fail ICT-C-4H-metals (89/200 evaluated, 0/5 passes)
fail ICT-C-4H-indices (90/200 evaluated, 0/5 passes)
fail WYCKOFF-BOOK-A-15m-XAUUSD (91/200 evaluated, 0/5 passes)
fail WYCKOFF-BOOK-A-15m-XAGUSD (92/200 evaluated, 0/5 passes)
fail WYCKOFF-BOOK-A-15m-DE40 (93/200 evaluated, 0/5 passes)
fail WYCKOFF-BOOK-A-15m-US30 (94/200 evaluated, 0/5 passes)
fail WYCKOFF-BOOK-A-15m-USTEC (95/200 evaluated, 0/5 passes)
fail WYCKOFF-BOOK-A-15m-US500 (96/200 evaluated, 0/5 passes)
fail WYCKOFF-BOOK-A-15m-FRA40 (97/200 evaluated, 0/5 passes)
fail WYCKOFF-BOOK-A-15m-AUS200 (98/200 evaluated, 0/5 passes)
fail WYCKOFF-BOOK-A-15m-indices (99/200 evaluated, 0/5 passes)
fail WYCKOFF-BOOK-A-15m-metals (100/200 evaluated, 0/5 passes)
fail WYCKOFF-BOOK-A-1H-US30 (101/200 evaluated, 0/5 passes)
fail WYCKOFF-BOOK-A-1H-US500 (102/200 evaluated, 0/5 passes)
fail WYCKOFF-BOOK-A-1H-XAUUSD (103/200 evaluated, 0/5 passes)
fail WYCKOFF-BOOK-A-1H-XAGUSD (104/200 evaluated, 0/5 passes)
fail WYCKOFF-BOOK-A-1H-USTEC (105/200 evaluated, 0/5 passes)
fail WYCKOFF-BOOK-A-1H-DE40 (106/200 evaluated, 0/5 passes)
fail WYCKOFF-BOOK-A-1H-AUS200 (107/200 evaluated, 0/5 passes)
fail WYCKOFF-BOOK-A-1H-FRA40 (108/200 evaluated, 0/5 passes)
fail WYCKOFF-BOOK-A-4H-XAGUSD (109/200 evaluated, 0/5 passes)
fail WYCKOFF-BOOK-A-4H-XAUUSD (110/200 evaluated, 0/5 passes)
fail WYCKOFF-BOOK-A-1H-metals (111/200 evaluated, 0/5 passes)
fail WYCKOFF-BOOK-A-1H-indices (112/200 evaluated, 0/5 passes)
fail WYCKOFF-BOOK-A-4H-USTEC (113/200 evaluated, 0/5 passes)
fail WYCKOFF-BOOK-A-4H-US500 (114/200 evaluated, 0/5 passes)
fail WYCKOFF-BOOK-A-4H-DE40 (115/200 evaluated, 0/5 passes)
fail WYCKOFF-BOOK-A-4H-US30 (116/200 evaluated, 0/5 passes)
fail WYCKOFF-BOOK-A-4H-AUS200 (117/200 evaluated, 0/5 passes)
fail WYCKOFF-BOOK-A-4H-FRA40 (118/200 evaluated, 0/5 passes)
fail WYCKOFF-BOOK-A-4H-metals (119/200 evaluated, 0/5 passes)
fail WYCKOFF-BOOK-A-4H-indices (120/200 evaluated, 0/5 passes)
fail WYCKOFF-BOOK-B-15m-US30 (121/200 evaluated, 0/5 passes)
fail WYCKOFF-BOOK-B-15m-XAGUSD (122/200 evaluated, 0/5 passes)
fail WYCKOFF-BOOK-B-15m-US500 (123/200 evaluated, 0/5 passes)
fail WYCKOFF-BOOK-B-15m-XAUUSD (124/200 evaluated, 0/5 passes)
fail WYCKOFF-BOOK-B-15m-DE40 (125/200 evaluated, 0/5 passes)
fail WYCKOFF-BOOK-B-15m-FRA40 (126/200 evaluated, 0/5 passes)
fail WYCKOFF-BOOK-B-15m-AUS200 (127/200 evaluated, 0/5 passes)
fail WYCKOFF-BOOK-B-15m-USTEC (128/200 evaluated, 0/5 passes)
fail WYCKOFF-BOOK-B-1H-XAUUSD (129/200 evaluated, 0/5 passes)
fail WYCKOFF-BOOK-B-1H-XAGUSD (130/200 evaluated, 0/5 passes)
fail WYCKOFF-BOOK-B-15m-indices (131/200 evaluated, 0/5 passes)
fail WYCKOFF-BOOK-B-15m-metals (132/200 evaluated, 0/5 passes)
fail WYCKOFF-BOOK-B-1H-USTEC (133/200 evaluated, 0/5 passes)
fail WYCKOFF-BOOK-B-1H-DE40 (134/200 evaluated, 0/5 passes)
fail WYCKOFF-BOOK-B-1H-US30 (135/200 evaluated, 0/5 passes)
fail WYCKOFF-BOOK-B-1H-US500 (136/200 evaluated, 0/5 passes)
fail WYCKOFF-BOOK-B-1H-AUS200 (137/200 evaluated, 0/5 passes)
fail WYCKOFF-BOOK-B-1H-FRA40 (138/200 evaluated, 0/5 passes)
fail WYCKOFF-BOOK-B-1H-indices (139/200 evaluated, 0/5 passes)
fail WYCKOFF-BOOK-B-1H-metals (140/200 evaluated, 0/5 passes)
fail WYCKOFF-BOOK-B-4H-US500 (141/200 evaluated, 0/5 passes)
fail WYCKOFF-BOOK-B-4H-US30 (142/200 evaluated, 0/5 passes)
fail WYCKOFF-BOOK-B-4H-XAGUSD (143/200 evaluated, 0/5 passes)
fail WYCKOFF-BOOK-B-4H-XAUUSD (144/200 evaluated, 0/5 passes)
fail WYCKOFF-BOOK-B-4H-USTEC (145/200 evaluated, 0/5 passes)
fail WYCKOFF-BOOK-B-4H-AUS200 (146/200 evaluated, 0/5 passes)
fail WYCKOFF-BOOK-B-4H-FRA40 (147/200 evaluated, 0/5 passes)
fail WYCKOFF-BOOK-B-4H-DE40 (148/200 evaluated, 0/5 passes)
fail WYCKOFF-BOOK-B-4H-metals (149/200 evaluated, 0/5 passes)
fail WYCKOFF-BOOK-B-4H-indices (150/200 evaluated, 0/5 passes)
fail WYCKOFF-BOOK-C-15m-XAUUSD (151/200 evaluated, 0/5 passes)
fail WYCKOFF-BOOK-C-15m-XAGUSD (152/200 evaluated, 0/5 passes)
fail WYCKOFF-BOOK-C-15m-US500 (153/200 evaluated, 0/5 passes)
fail WYCKOFF-BOOK-C-15m-US30 (154/200 evaluated, 0/5 passes)
fail WYCKOFF-BOOK-C-15m-DE40 (155/200 evaluated, 0/5 passes)
fail WYCKOFF-BOOK-C-15m-USTEC (156/200 evaluated, 0/5 passes)
fail WYCKOFF-BOOK-C-15m-AUS200 (157/200 evaluated, 0/5 passes)
fail WYCKOFF-BOOK-C-15m-FRA40 (158/200 evaluated, 0/5 passes)
fail WYCKOFF-BOOK-C-15m-metals (159/200 evaluated, 0/5 passes)
fail WYCKOFF-BOOK-C-15m-indices (160/200 evaluated, 0/5 passes)
fail WYCKOFF-BOOK-C-1H-US30 (161/200 evaluated, 0/5 passes)
fail WYCKOFF-BOOK-C-1H-US500 (162/200 evaluated, 0/5 passes)
fail WYCKOFF-BOOK-C-1H-XAGUSD (163/200 evaluated, 0/5 passes)
fail WYCKOFF-BOOK-C-1H-XAUUSD (164/200 evaluated, 0/5 passes)
fail WYCKOFF-BOOK-C-1H-USTEC (165/200 evaluated, 0/5 passes)
fail WYCKOFF-BOOK-C-1H-FRA40 (166/200 evaluated, 0/5 passes)
fail WYCKOFF-BOOK-C-1H-AUS200 (167/200 evaluated, 0/5 passes)
fail WYCKOFF-BOOK-C-1H-DE40 (168/200 evaluated, 0/5 passes)
fail WYCKOFF-BOOK-C-4H-XAGUSD (169/200 evaluated, 0/5 passes)
fail WYCKOFF-BOOK-C-4H-XAUUSD (170/200 evaluated, 0/5 passes)
fail WYCKOFF-BOOK-C-1H-metals (171/200 evaluated, 0/5 passes)
fail WYCKOFF-BOOK-C-1H-indices (172/200 evaluated, 0/5 passes)
fail WYCKOFF-BOOK-C-4H-USTEC (173/200 evaluated, 0/5 passes)
fail WYCKOFF-BOOK-C-4H-US500 (174/200 evaluated, 0/5 passes)
fail WYCKOFF-BOOK-C-4H-US30 (175/200 evaluated, 0/5 passes)
fail WYCKOFF-BOOK-C-4H-DE40 (176/200 evaluated, 0/5 passes)
fail WYCKOFF-BOOK-C-4H-AUS200 (177/200 evaluated, 0/5 passes)
fail WYCKOFF-BOOK-C-4H-FRA40 (178/200 evaluated, 0/5 passes)
fail WYCKOFF-BOOK-C-4H-metals (179/200 evaluated, 0/5 passes)
fail WYCKOFF-BOOK-C-4H-indices (180/200 evaluated, 0/5 passes)
stopped: 180 evaluated, 0 passed
